{
  "version": "1.5.0",
  "plugins_used": [
    {
      "name": "ArtifactoryDetector"
    },
    {
      "name": "AWSKeyDetector"
    },
    {
      "name": "AzureStorageKeyDetector"
    },
    {
      "name": "Base64HighEntropyString",
      "limit": 4.5
    },
    {
      "name": "BasicAuthDetector"
    },
    {
      "name": "CloudantDetector"
    },
    {
      "name": "DiscordBotTokenDetector"
    },
    {
      "name": "GitHubTokenDetector"
    },
    {
      "name": "GitLabTokenDetector"
    },
    {
      "name": "HexHighEntropyString",
      "limit": 3.0
    },
    {
      "name": "IbmCloudIamDetector"
    },
    {
      "name": "IbmCosHmacDetector"
    },
    {
      "name": "IPPublicDetector"
    },
    {
      "name": "JwtTokenDetector"
    },
    {
      "name": "KeywordDetector",
      "keyword_exclude": ""
    },
    {
      "name": "MailchimpDetector"
    },
    {
      "name": "NpmDetector"
    },
    {
      "name": "OpenAIDetector"
    },
    {
      "name": "PrivateKeyDetector"
    },
    {
      "name": "PypiTokenDetector"
    },
    {
      "name": "SendGridDetector"
    },
    {
      "name": "SlackDetector"
    },
    {
      "name": "SoftlayerDetector"
    },
    {
      "name": "SquareOAuthDetector"
    },
    {
      "name": "StripeDetector"
    },
    {
      "name": "TelegramBotTokenDetector"
    },
    {
      "name": "TwilioKeyDetector"
    }
  ],
  "filters_used": [
    {
      "path": "detect_secrets.filters.allowlist.is_line_allowlisted"
    },
    {
      "path": "detect_secrets.filters.common.is_baseline_file",
      "filename": ".secrets.baseline"
    },
    {
      "path": "detect_secrets.filters.common.is_ignored_due_to_verification_policies",
      "min_level": 2
    },
    {
      "path": "detect_secrets.filters.heuristic.is_indirect_reference"
    },
    {
      "path": "detect_secrets.filters.heuristic.is_likely_id_string"
    },
    {
      "path": "detect_secrets.filters.heuristic.is_lock_file"
    },
    {
      "path": "detect_secrets.filters.heuristic.is_not_alphanumeric_string"
    },
    {
      "path": "detect_secrets.filters.heuristic.is_potential_uuid"
    },
    {
      "path": "detect_secrets.filters.heuristic.is_prefixed_with_dollar_sign"
    },
    {
      "path": "detect_secrets.filters.heuristic.is_sequential_string"
    },
    {
      "path": "detect_secrets.filters.heuristic.is_swagger_file"
    },
    {
      "path": "detect_secrets.filters.heuristic.is_templated_secret"
    },
    {
      "path": "detect_secrets.filters.regex.should_exclude_file",
      "pattern": [
        "package-lock\\.json$",
        "\\.secrets\\.baseline$"
      ]
    }
  ],
  "results": {
    ".claude/agents/flow-nexus/app-store.md": [
      {
        "type": "Secret Keyword",
        "filename": ".claude/agents/flow-nexus/app-store.md",
        "hashed_secret": "a62f2225bf70bfaccbc7f1ef2a397836717377de",
        "is_verified": false,
        "line_number": 42
      }
    ],
    ".claude/agents/flow-nexus/authentication.md": [
      {
        "type": "Secret Keyword",
        "filename": ".claude/agents/flow-nexus/authentication.md",
        "hashed_secret": "a616a64c0fbc30f12287d0f24f3b90dd2e6a206e",
        "is_verified": false,
        "line_number": 22
      },
      {
        "type": "Secret Keyword",
        "filename": ".claude/agents/flow-nexus/authentication.md",
        "hashed_secret": "5baa61e4c9b93f3f0682250b6cf8331b7ee68fd8",
        "is_verified": false,
        "line_number": 29
      },
      {
        "type": "Secret Keyword",
        "filename": ".claude/agents/flow-nexus/authentication.md",
        "hashed_secret": "f054ffc85b4c1615a7190ea0b248564bb1e9f9ab",
        "is_verified": false,
        "line_number": 43
      }
    ],
    ".claude/agents/flow-nexus/sandbox.md": [
      {
        "type": "Secret Keyword",
        "filename": ".claude/agents/flow-nexus/sandbox.md",
        "hashed_secret": "a62f2225bf70bfaccbc7f1ef2a397836717377de",
        "is_verified": false,
        "line_number": 24
      }
    ],
    ".claude/agents/sparc/refinement.md": [
      {
        "type": "Secret Keyword",
        "filename": ".claude/agents/sparc/refinement.md",
        "hashed_secret": "72559b51f94a7a3ad058c5740cbe2f7cb0d4080b",
        "is_verified": false,
        "line_number": 62
      },
      {
        "type": "Secret Keyword",
        "filename": ".claude/agents/sparc/refinement.md",
        "hashed_secret": "9da133c45f71d2bb9d5eb7cfa6fce7cdb6a215b5",
        "is_verified": false,
        "line_number": 90
      },
      {
        "type": "Secret Keyword",
        "filename": ".claude/agents/sparc/refinement.md",
        "hashed_secret": "5baa61e4c9b93f3f0682250b6cf8331b7ee68fd8",
        "is_verified": false,
        "line_number": 266
      }
    ],
    ".claude/agents/testing/unit/tdd-london-swarm.md": [
      {
        "type": "Secret Keyword",
        "filename": ".claude/agents/testing/unit/tdd-london-swarm.md",
        "hashed_secret": "ecb252044b5ea0f679ee78ec1a12904739e2904d",
        "is_verified": false,
        "line_number": 115
      }
    ],
    ".claude/agents/testing/validation/production-validator.md": [
      {
        "type": "Secret Keyword",
        "filename": ".claude/agents/testing/validation/production-validator.md",
        "hashed_secret": "c5b62ea9ada21743c6f353e4a45bc8648b377006",
        "is_verified": false,
        "line_number": 144
      }
    ],
    ".claude/skills/flow-nexus-platform/SKILL.md": [
      {
        "type": "Secret Keyword",
        "filename": ".claude/skills/flow-nexus-platform/SKILL.md",
        "hashed_secret": "a616a64c0fbc30f12287d0f24f3b90dd2e6a206e",
        "is_verified": false,
        "line_number": 33
      },
      {
        "type": "Secret Keyword",
        "filename": ".claude/skills/flow-nexus-platform/SKILL.md",
        "hashed_secret": "564e340cd48437d2dfe876ee154cc99dc4d0d137",
        "is_verified": false,
        "line_number": 43
      },
      {
        "type": "Secret Keyword",
        "filename": ".claude/skills/flow-nexus-platform/SKILL.md",
        "hashed_secret": "52dcc83ec1e54426ad58a64854d1eb8d5f5d9685",
        "is_verified": false,
        "line_number": 70
      },
      {
        "type": "Secret Keyword",
        "filename": ".claude/skills/flow-nexus-platform/SKILL.md",
        "hashed_secret": "89a6cfe2a229151e8055abee107d45ed087bbb4f",
        "is_verified": false,
        "line_number": 130
      },
      {
        "type": "Secret Keyword",
        "filename": ".claude/skills/flow-nexus-platform/SKILL.md",
        "hashed_secret": "e5e9fa1ba31ecd1ae84f75caaa474f3a663f05f4",
        "is_verified": false,
        "line_number": 290
      },
      {
        "type": "Basic Auth Credentials",
        "filename": ".claude/skills/flow-nexus-platform/SKILL.md",
        "hashed_secret": "9d4e1e23bd5b727046a9e3b4b7db57bd8d6ee684",
        "is_verified": false,
        "line_number": 388
      },
      {
        "type": "Secret Keyword",
        "filename": ".claude/skills/flow-nexus-platform/SKILL.md",
        "hashed_secret": "72559b51f94a7a3ad058c5740cbe2f7cb0d4080b",
        "is_verified": false,
        "line_number": 875
      }
    ],
    ".github/workflows/ci.yml": [
      {
        "type": "Secret Keyword",
        "filename": ".github/workflows/ci.yml",
        "hashed_secret": "73ec2ff87ef684644c2aeab62d1cf3bf8dd1e2c6",
        "is_verified": false,
        "line_number": 184
      },
      {
        "type": "Secret Keyword",
        "filename": ".github/workflows/ci.yml",
        "hashed_secret": "6d53ecb656aea44d0b3e0753be0cf9d7f23a5da3",
        "is_verified": false,
        "line_number": 211
      }
    ],
    "QUICKSTART.md": [
      {
        "type": "Basic Auth Credentials",
        "filename": "QUICKSTART.md",
        "hashed_secret": "f2c83701635a6a3fae1d08bec9306831b91f14f1",
        "is_verified": false,
        "line_number": 83
      }
    ],
    "README.md": [
      {
        "type": "Secret Keyword",
        "filename": "README.md",
        "hashed_secret": "f865b53623b121fd34ee5426c792e5c33af8c227",
        "is_verified": false,
        "line_number": 311
      }
    ],
    "backend/.env.example": [
      {
        "type": "Basic Auth Credentials",
        "filename": "backend/.env.example",
        "hashed_secret": "5baa61e4c9b93f3f0682250b6cf8331b7ee68fd8",
        "is_verified": false,
        "line_number": 5
      }
    ],
    "backend/reports/README.md": [
      {
        "type": "Secret Keyword",
        "filename": "backend/reports/README.md",
        "hashed_secret": "9ad19750930e5cf133e024641c00daf5fc90c700",
        "is_verified": false,
        "line_number": 124
      },
      {
        "type": "Secret Keyword",
        "filename": "backend/reports/README.md",
        "hashed_secret": "564e340cd48437d2dfe876ee154cc99dc4d0d137",
        "is_verified": false,
        "line_number": 128
      }
    ],
    "backend/scripts/migrate_database.py": [
      {
        "type": "Basic Auth Credentials",
        "filename": "backend/scripts/migrate_database.py",
        "hashed_secret": "9d4e1e23bd5b727046a9e3b4b7db57bd8d6ee684",
        "is_verified": false,
        "line_number": 10
      }
    ],
    "backend/tests/conftest.py": [
      {
        "type": "Secret Keyword",
        "filename": "backend/tests/conftest.py",
        "hashed_secret": "0c6ba03885f3aae765fbf20f07f514a44dbda30a",
        "is_verified": false,
        "line_number": 448
      },
      {
        "type": "Secret Keyword",
        "filename": "backend/tests/conftest.py",
        "hashed_secret": "bc7d0af48032303599f08bd3942c3cad9768348f",
        "is_verified": false,
        "line_number": 502
      },
      {
        "type": "Secret Keyword",
        "filename": "backend/tests/conftest.py",
        "hashed_secret": "ab3eb0f868f05373c611a6c904ae319ff0772c0c",
        "is_verified": false,
        "line_number": 788
      }
    ],
    "backend/tests/test_api/test_main_endpoints.py": [
      {
        "type": "Secret Keyword",
        "filename": "backend/tests/test_api/test_main_endpoints.py",
        "hashed_secret": "463d8353f4b927fd953e5af7c41084183e8ce5fb",
        "is_verified": false,
        "line_number": 63
      },
      {
        "type": "Secret Keyword",
        "filename": "backend/tests/test_api/test_main_endpoints.py",
        "hashed_secret": "d64222bcdaf3f589c1321029cf337eb7e88174b0",
        "is_verified": false,
        "line_number": 132
      }
    ],
    "backend/tests/test_api/test_routes_comprehensive.py": [
      {
        "type": "Secret Keyword",
        "filename": "backend/tests/test_api/test_routes_comprehensive.py",
        "hashed_secret": "72559b51f94a7a3ad058c5740cbe2f7cb0d4080b",
        "is_verified": false,
        "line_number": 252
      }
    ],
    "backend/tests/test_api/test_services_comprehensive.py": [
      {
        "type": "Secret Keyword",
        "filename": "backend/tests/test_api/test_services_comprehensive.py",
        "hashed_secret": "767ef7376d44bb6e52b390ddcd12c1cb1b3902a4",
        "is_verified": false,
        "line_number": 25
      },
      {
        "type": "Secret Keyword",
        "filename": "backend/tests/test_api/test_services_comprehensive.py",
        "hashed_secret": "5baa61e4c9b93f3f0682250b6cf8331b7ee68fd8",
        "is_verified": false,
        "line_number": 43
      }
    ],
    "backend/tests/test_config.py": [
      {
        "type": "Base64 High Entropy String",
        "filename": "backend/tests/test_config.py",
        "hashed_secret": "c35fe9a2f50b5ae0680842f31ee5b66eb4da907b",
        "is_verified": false,
        "line_number": 18
      },
      {
        "type": "Secret Keyword",
        "filename": "backend/tests/test_config.py",
        "hashed_secret": "8ffeb72d03819836be5171235c3d027887f190b4",
        "is_verified": false,
        "line_number": 26
      }
    ],
    "backend/tests/test_db/test_migration_integration.py": [
      {
        "type": "Basic Auth Credentials",
        "filename": "backend/tests/test_db/test_migration_integration.py",
        "hashed_secret": "9d4e1e23bd5b727046a9e3b4b7db57bd8d6ee684",
        "is_verified": false,
        "line_number": 126
      }
    ],
    "backend/tests/test_db/test_providers.py": [
      {
        "type": "Basic Auth Credentials",
        "filename": "backend/tests/test_db/test_providers.py",
        "hashed_secret": "9d4e1e23bd5b727046a9e3b4b7db57bd8d6ee684",
        "is_verified": false,
        "line_number": 124
      }
    ],
    "backend/tests/test_db_routes/test_database_config.py": [
      {
        "type": "Secret Keyword",
        "filename": "backend/tests/test_db_routes/test_database_config.py",
        "hashed_secret": "ab3eb0f868f05373c611a6c904ae319ff0772c0c",
        "is_verified": false,
        "line_number": 32
      }
    ],
    "backend/tests/test_hold_catalog_tenant_isolation.py": [
      {
        "type": "Secret Keyword",
        "filename": "backend/tests/test_hold_catalog_tenant_isolation.py",
        "hashed_secret": "ab3eb0f868f05373c611a6c904ae319ff0772c0c",
        "is_verified": false,
        "line_number": 89
      }
    ],
    "backend/tests/test_routes/test_analytics_routes.py": [
      {
        "type": "JSON Web Token",
        "filename": "backend/tests/test_routes/test_analytics_routes.py",
        "hashed_secret": "008716681fa6708f4576c2372e8c76ed83f2e9e6",
        "is_verified": false,
        "line_number": 285
      }
    ],
    "backend/tests/test_routes/test_line_id_filtering.py": [
      {
        "type": "Secret Keyword",
        "filename": "backend/tests/test_routes/test_line_id_filtering.py",
        "hashed_secret": "6318553899daae2941718c02508aeee938af1a1c",
        "is_verified": false,
        "line_number": 96
      }
    ],
    "backend/tests/test_scripts/test_migrate_database.py": [
      {
        "type": "Secret Keyword",
        "filename": "backend/tests/test_scripts/test_migrate_database.py",
        "hashed_secret": "4255bcff9f91b6d5d24716aac695f9b7155dd8ef",
        "is_verified": false,
        "line_number": 88
      }
    ],
    "backend/tests/test_security/test_comprehensive_auth.py": [
      {
        "type": "Secret Keyword",
        "filename": "backend/tests/test_security/test_comprehensive_auth.py",
        "hashed_secret": "c18006fc138809314751cd1991f1e0b820fabd37",
        "is_verified": false,
        "line_number": 30
      },
      {
        "type": "Secret Keyword",
        "filename": "backend/tests/test_security/test_comprehensive_auth.py",
        "hashed_secret": "6ce22978a54a55e211083f74cbe26e9e382e9e5e",
        "is_verified": false,
        "line_number": 65
      },
      {
        "type": "Secret Keyword",
        "filename": "backend/tests/test_security/test_comprehensive_auth.py",
        "hashed_secret": "a6f9656f4481dd8999a7da13ef1ace9d3ecce7cd",
        "is_verified": false,
        "line_number": 143
      },
      {
        "type": "Secret Keyword",
        "filename": "backend/tests/test_security/test_comprehensive_auth.py",
        "hashed_secret": "838b65c7f8cf67f81f5203bc82a36b2c1bb4339b",
        "is_verified": false,
        "line_number": 151
      },
      {
        "type": "Secret Keyword",
        "filename": "backend/tests/test_security/test_comprehensive_auth.py",
        "hashed_secret": "48b5a1f59bc39768c31a3c7f26c9f362c2708619",
        "is_verified": false,
        "line_number": 158
      },
      {
        "type": "Secret Keyword",
        "filename": "backend/tests/test_security/test_comprehensive_auth.py",
        "hashed_secret": "49cbebd651b1f32a25836dd2716014b4f87c0350",
        "is_verified": false,
        "line_number": 165
      },
      {
        "type": "Secret Keyword",
        "filename": "backend/tests/test_security/test_comprehensive_auth.py",
        "hashed_secret": "56be91c804c2116ab8e5e9722760669b187195bf",
        "is_verified": false,
        "line_number": 172
      },
      {
        "type": "Secret Keyword",
        "filename": "backend/tests/test_security/test_comprehensive_auth.py",
        "hashed_secret": "8ae2ad11392b6bef22ac6ed6a9bd4b524761bdbd",
        "is_verified": false,
        "line_number": 180
      }
    ],
    "backend/tests/test_security/test_login_rehash.py": [
      {
        "type": "Secret Keyword",
        "filename": "backend/tests/test_security/test_login_rehash.py",
        "hashed_secret": "6809ffccad03b80fa1fbc32c17e7e054805ec30b",
        "is_verified": false,
        "line_number": 150
      }
    ],
    "backend/tests/test_security/test_password_policy.py": [
      {
        "type": "Secret Keyword",
        "filename": "backend/tests/test_security/test_password_policy.py",
        "hashed_secret": "e982d40b4d21ff33baf47c3f9e214134beb91fb3",
        "is_verified": false,
        "line_number": 48
      },
      {
        "type": "Secret Keyword",
        "filename": "backend/tests/test_security/test_password_policy.py",
        "hashed_secret": "64620d6e6556f636a640f8057dd090e197cdf459",
        "is_verified": false,
        "line_number": 248
      },
      {
        "type": "Secret Keyword",
        "filename": "backend/tests/test_security/test_password_policy.py",
        "hashed_secret": "1ded3053d0363079a4e681a3b700435d6d880290",
        "is_verified": false,
        "line_number": 336
      },
      {
        "type": "Secret Keyword",
        "filename": "backend/tests/test_security/test_password_policy.py",
        "hashed_secret": "573304a03b19e8e0e5fd2050e155f98ab06a6d68",
        "is_verified": false,
        "line_number": 352
      }
    ],
    "backend/tests/test_security/test_rate_limiting.py": [
      {
        "type": "Secret Keyword",
        "filename": "backend/tests/test_security/test_rate_limiting.py",
        "hashed_secret": "ab3eb0f868f05373c611a6c904ae319ff0772c0c",
        "is_verified": false,
        "line_number": 73
      }
    ],
    "backend/tests/test_security/test_register_lockdown.py": [
      {
        "type": "Secret Keyword",
        "filename": "backend/tests/test_security/test_register_lockdown.py",
        "hashed_secret": "463d8353f4b927fd953e5af7c41084183e8ce5fb",
        "is_verified": false,
        "line_number": 23
      }
    ],
    "database/create_demo_users.py": [
      {
        "type": "Secret Keyword",
        "filename": "database/create_demo_users.py",
        "hashed_secret": "f865b53623b121fd34ee5426c792e5c33af8c227",
        "is_verified": false,
        "line_number": 46
      },
      {
        "type": "Secret Keyword",
        "filename": "database/create_demo_users.py",
        "hashed_secret": "cbfdac6008f9cab4083784cbd1874f76618d2a97",
        "is_verified": false,
        "line_number": 55
      }
    ],
    "docs/API_DOCUMENTATION.md": [
      {
        "type": "Secret Keyword",
        "filename": "docs/API_DOCUMENTATION.md",
        "hashed_secret": "551b2ecd829878ea79c9357cde15c4229c2a951e",
        "is_verified": false,
        "line_number": 51
      },
      {
        "type": "Secret Keyword",
        "filename": "docs/API_DOCUMENTATION.md",
        "hashed_secret": "72559b51f94a7a3ad058c5740cbe2f7cb0d4080b",
        "is_verified": false,
        "line_number": 82
      }
    ],
    "docs/DEPLOYMENT.md": [
      {
        "type": "Basic Auth Credentials",
        "filename": "docs/DEPLOYMENT.md",
        "hashed_secret": "d2fc8aea2ac6583883e1070f252be60b35b0aef6",
        "is_verified": false,
        "line_number": 81
      },
      {
        "type": "Basic Auth Credentials",
        "filename": "docs/DEPLOYMENT.md",
        "hashed_secret": "5baa61e4c9b93f3f0682250b6cf8331b7ee68fd8",
        "is_verified": false,
        "line_number": 723
      }
    ],
    "docs/architecture/api_design.md": [
      {
        "type": "Secret Keyword",
        "filename": "docs/architecture/api_design.md",
        "hashed_secret": "7ba6811e5d43553d6dfdd928b171c9f48e0f9240",
        "is_verified": false,
        "line_number": 122
      },
      {
        "type": "Base64 High Entropy String",
        "filename": "docs/architecture/api_design.md",
        "hashed_secret": "4b03add46c07178c337be99ac4ddeb56bf00022c",
        "is_verified": false,
        "line_number": 265
      },
      {
        "type": "Secret Keyword",
        "filename": "docs/architecture/api_design.md",
        "hashed_secret": "a616a64c0fbc30f12287d0f24f3b90dd2e6a206e",
        "is_verified": false,
        "line_number": 779
      }
    ],
    "frontend/src/components/admin/MigrationWizard.vue": [
      {
        "type": "Basic Auth Credentials",
        "filename": "frontend/src/components/admin/MigrationWizard.vue",
        "hashed_secret": "5baa61e4c9b93f3f0682250b6cf8331b7ee68fd8",
        "is_verified": false,
        "line_number": 48
      }
    ],
    "frontend/src/components/admin/__tests__/MigrationWizard.spec.ts": [
      {
        "type": "Basic Auth Credentials",
        "filename": "frontend/src/components/admin/__tests__/MigrationWizard.spec.ts",
        "hashed_secret": "5baa61e4c9b93f3f0682250b6cf8331b7ee68fd8",
        "is_verified": false,
        "line_number": 20
      },
      {
        "type": "Basic Auth Credentials",
        "filename": "frontend/src/components/admin/__tests__/MigrationWizard.spec.ts",
        "hashed_secret": "9d4e1e23bd5b727046a9e3b4b7db57bd8d6ee684",
        "is_verified": false,
        "line_number": 126
      }
    ],
    "frontend/src/i18n/locales/en.json": [
      {
        "type": "Secret Keyword",
        "filename": "frontend/src/i18n/locales/en.json",
        "hashed_secret": "8be3c943b1609fffbfc51aad666d0a04adf83c9d",
        "is_verified": false,
        "line_number": 197
      },
      {
        "type": "Secret Keyword",
        "filename": "frontend/src/i18n/locales/en.json",
        "hashed_secret": "4c29f7f0335807c2524d8c36d531496aee23f473",
        "is_verified": false,
        "line_number": 200
      },
      {
        "type": "Secret Keyword",
        "filename": "frontend/src/i18n/locales/en.json",
        "hashed_secret": "11ab5a690a41fec6beea288050106b25288dc741",
        "is_verified": false,
        "line_number": 215
      },
      {
        "type": "Secret Keyword",
        "filename": "frontend/src/i18n/locales/en.json",
        "hashed_secret": "34a79a4d0809382b35decefc15038d27f85c01cb",
        "is_verified": false,
        "line_number": 216
      },
      {
        "type": "Secret Keyword",
        "filename": "frontend/src/i18n/locales/en.json",
        "hashed_secret": "2398d65fdebfbe014a3d46799ca465d3d0d82aa7",
        "is_verified": false,
        "line_number": 218
      },
      {
        "type": "Secret Keyword",
        "filename": "frontend/src/i18n/locales/en.json",
        "hashed_secret": "2af03dd93575c30636db0ddd878de4f3d50a7529",
        "is_verified": false,
        "line_number": 219
      },
      {
        "type": "Secret Keyword",
        "filename": "frontend/src/i18n/locales/en.json",
        "hashed_secret": "e72f872b5f85a816ae3c8b28340b058e73d1f5e2",
        "is_verified": false,
        "line_number": 220
      },
      {
        "type": "Secret Keyword",
        "filename": "frontend/src/i18n/locales/en.json",
        "hashed_secret": "e12081a4a6d4521224c6eba397f2db9b0f6fb798",
        "is_verified": false,
        "line_number": 221
      },
      {
        "type": "Secret Keyword",
        "filename": "frontend/src/i18n/locales/en.json",
        "hashed_secret": "3e7d56a95804ff3c322b97a7e7cdba25dc920957",
        "is_verified": false,
        "line_number": 1466
      },
      {
        "type": "Secret Keyword",
        "filename": "frontend/src/i18n/locales/en.json",
        "hashed_secret": "6c56a9249cba324d029f725f1f7c0e47184e2dcf",
        "is_verified": false,
        "line_number": 2068
      },
      {
        "type": "Secret Keyword",
        "filename": "frontend/src/i18n/locales/en.json",
        "hashed_secret": "d69c3b1ac54be7da3666d9937b9c78e7c309d6e8",
        "is_verified": false,
        "line_number": 2071
      }
    ],
    "frontend/src/i18n/locales/es.json": [
      {
        "type": "Secret Keyword",
        "filename": "frontend/src/i18n/locales/es.json",
        "hashed_secret": "5a6d1c612954979ea99ee33dbb2d231b00f6ac0a",
        "is_verified": false,
        "line_number": 197
      },
      {
        "type": "Secret Keyword",
        "filename": "frontend/src/i18n/locales/es.json",
        "hashed_secret": "126200a90fb5e2dc4513b6a315e1e1ff9cf31080",
        "is_verified": false,
        "line_number": 215
      },
      {
        "type": "Secret Keyword",
        "filename": "frontend/src/i18n/locales/es.json",
        "hashed_secret": "01385c74b6b043a4456e944930cd77022fe627c5",
        "is_verified": false,
        "line_number": 216
      },
      {
        "type": "Secret Keyword",
        "filename": "frontend/src/i18n/locales/es.json",
        "hashed_secret": "765294f5f2dd1748dbd78e9b59afc3a1787697a2",
        "is_verified": false,
        "line_number": 218
      },
      {
        "type": "Secret Keyword",
        "filename": "frontend/src/i18n/locales/es.json",
        "hashed_secret": "17bea5a58ebd75f1dcccc751e09024fcc7f70812",
        "is_verified": false,
        "line_number": 219
      },
      {
        "type": "Secret Keyword",
        "filename": "frontend/src/i18n/locales/es.json",
        "hashed_secret": "a4970765195551ba3b1bdf2ab40ef5a18961fade",
        "is_verified": false,
        "line_number": 220
      },
      {
        "type": "Secret Keyword",
        "filename": "frontend/src/i18n/locales/es.json",
        "hashed_secret": "b74759176d7b26cf8cc34f13cc026aa205a0822b",
        "is_verified": false,
        "line_number": 221
      },
      {
        "type": "Secret Keyword",
        "filename": "frontend/src/i18n/locales/es.json",
        "hashed_secret": "6dfc197e19bc91e9ea1e713af1afa590bcb91529",
        "is_verified": false,
        "line_number": 1466
      },
      {
        "type": "Secret Keyword",
        "filename": "frontend/src/i18n/locales/es.json",
        "hashed_secret": "ccc99a963c4cfd5ff6a518695aaccfa291452d21",
        "is_verified": false,
        "line_number": 2068
      },
      {
        "type": "Secret Keyword",
        "filename": "frontend/src/i18n/locales/es.json",
        "hashed_secret": "d4c5cdf17c6b6a46dd939ad3f9304e726e60384f",
        "is_verified": false,
        "line_number": 2071
      }
    ],
    "frontend/src/services/__tests__/auth.spec.ts": [
      {
        "type": "Secret Keyword",
        "filename": "frontend/src/services/__tests__/auth.spec.ts",
        "hashed_secret": "cbfdac6008f9cab4083784cbd1874f76618d2a97",
        "is_verified": false,
        "line_number": 26
      },
      {
        "type": "Secret Keyword",
        "filename": "frontend/src/services/__tests__/auth.spec.ts",
        "hashed_secret": "a4b48a81cdab1e1a5dd37907d6c85ca1c61ddc7c",
        "is_verified": false,
        "line_number": 39
      },
      {
        "type": "Secret Keyword",
        "filename": "frontend/src/services/__tests__/auth.spec.ts",
        "hashed_secret": "5baa61e4c9b93f3f0682250b6cf8331b7ee68fd8",
        "is_verified": false,
        "line_number": 47
      },
      {
        "type": "Secret Keyword",
        "filename": "frontend/src/services/__tests__/auth.spec.ts",
        "hashed_secret": "b195e37ba7f712e45714031b28b0fa95abf5094d",
        "is_verified": false,
        "line_number": 150
      },
      {
        "type": "Secret Keyword",
        "filename": "frontend/src/services/__tests__/auth.spec.ts",
        "hashed_secret": "8229d96e08d69bb95e315ed08626e38f52abea4f",
        "is_verified": false,
        "line_number": 203
      },
      {
        "type": "Secret Keyword",
        "filename": "frontend/src/services/__tests__/auth.spec.ts",
        "hashed_secret": "270abac2c4e311e9c917b21cb7e883544dcdff50",
        "is_verified": false,
        "line_number": 204
      }
    ],
    "frontend/src/services/__tests__/errorHandler.spec.ts": [
      {
        "type": "Secret Keyword",
        "filename": "frontend/src/services/__tests__/errorHandler.spec.ts",
        "hashed_secret": "b12672630edfe7314da803bc137b92ab68cdf82c",
        "is_verified": false,
        "line_number": 160
      }
    ],
    "frontend/src/stores/__tests__/authStore.spec.ts": [
      {
        "type": "Secret Keyword",
        "filename": "frontend/src/stores/__tests__/authStore.spec.ts",
        "hashed_secret": "11ab5a690a41fec6beea288050106b25288dc741",
        "is_verified": false,
        "line_number": 32
      },
      {
        "type": "Secret Keyword",
        "filename": "frontend/src/stores/__tests__/authStore.spec.ts",
        "hashed_secret": "34a79a4d0809382b35decefc15038d27f85c01cb",
        "is_verified": false,
        "line_number": 33
      },
      {
        "type": "Secret Keyword",
        "filename": "frontend/src/stores/__tests__/authStore.spec.ts",
        "hashed_secret": "2398d65fdebfbe014a3d46799ca465d3d0d82aa7",
        "is_verified": false,
        "line_number": 35
      },
      {
        "type": "Secret Keyword",
        "filename": "frontend/src/stores/__tests__/authStore.spec.ts",
        "hashed_secret": "2af03dd93575c30636db0ddd878de4f3d50a7529",
        "is_verified": false,
        "line_number": 36
      },
      {
        "type": "Secret Keyword",
        "filename": "frontend/src/stores/__tests__/authStore.spec.ts",
        "hashed_secret": "e72f872b5f85a816ae3c8b28340b058e73d1f5e2",
        "is_verified": false,
        "line_number": 37
      },
      {
        "type": "Secret Keyword",
        "filename": "frontend/src/stores/__tests__/authStore.spec.ts",
        "hashed_secret": "e12081a4a6d4521224c6eba397f2db9b0f6fb798",
        "is_verified": false,
        "line_number": 38
      },
      {
        "type": "Secret Keyword",
        "filename": "frontend/src/stores/__tests__/authStore.spec.ts",
        "hashed_secret": "5baa61e4c9b93f3f0682250b6cf8331b7ee68fd8",
        "is_verified": false,
        "line_number": 173
      },
      {
        "type": "Secret Keyword",
        "filename": "frontend/src/stores/__tests__/authStore.spec.ts",
        "hashed_secret": "a4b48a81cdab1e1a5dd37907d6c85ca1c61ddc7c",
        "is_verified": false,
        "line_number": 188
      },
      {
        "type": "Secret Keyword",
        "filename": "frontend/src/stores/__tests__/authStore.spec.ts",
        "hashed_secret": "f90ca041e8e79b8e8fb32fe43173a15a2c7f8769",
        "is_verified": false,
        "line_number": 411
      },
      {
        "type": "Secret Keyword",
        "filename": "frontend/src/stores/__tests__/authStore.spec.ts",
        "hashed_secret": "7ce6447553a2cd39e4975b7bfdbb28f502551a4f",
        "is_verified": false,
        "line_number": 557
      },
      {
        "type": "Secret Keyword",
        "filename": "frontend/src/stores/__tests__/authStore.spec.ts",
        "hashed_secret": "7f2f6a15cf8da2b27e5a4af47b58e7ad71c0b3d9",
        "is_verified": false,
        "line_number": 570
      }
    ]
  },
  "generated_at": "2026-06-28T19:13:55Z"
}
